> lmtp_contrast(fit1, ref = 0.787)
Message: Non-estimated reference value, defaulting type = 'additive'.


  

Message: LMTP Contrast: additive

Message: Null hypothesis: theta == 0


  theta shift   ref std.error conf.low conf.high p.value
1 0.118 0.905 0.787    0.0114   0.0953      0.14  <0.001

> lmtp_contrast(fit1, fit0, ref = 0.787)
Message: Non-estimated reference value, defaulting type = 'additive'.


  

Message: LMTP Contrast: additive

Message: Null hypothesis: theta == 0


    theta shift   ref std.error conf.low conf.high p.value
1 0.11767 0.905 0.787    0.0114   0.0953    0.1401  <0.001
2 0.00556 0.793 0.787    0.0199  -0.0334    0.0445    0.78

> lmtp_contrast(fit1, ref = fit0)

  

Message: LMTP Contrast: additive

Message: Null hypothesis: theta == 0


  theta shift   ref std.error conf.low conf.high p.value
1 0.112 0.905 0.793    0.0145   0.0838      0.14  <0.001

> lmtp_contrast(fit1, ref = fit0, type = "rr")

  

Message: LMTP Contrast: relative risk

Message: Null hypothesis: theta == 1


  theta shift   ref std.error conf.low conf.high p.value
1  1.14 0.905 0.793    0.0186      1.1      1.18  <0.001

> lmtp_contrast(fit1, ref = fit0, type = "or")

  

Message: LMTP Contrast: odds ratio

Message: Null hypothesis: theta == 1


  theta shift   ref std.error conf.low conf.high p.value
1  2.48 0.905 0.793    0.0991     2.05      3.02  <0.001

