> lmtp_contrast(fit1, ref = 0.787)
Message: Non-estimated reference value, defaulting type = 'additive'.


  

Message: LMTP Contrast: additive

Message: Null hypothesis: theta == 0


  theta shift   ref std.error conf.low conf.high p.value
1 0.118 0.905 0.787    0.0127   0.0928     0.143  <0.001

> lmtp_contrast(fit1, fit0, ref = 0.787)
Message: Non-estimated reference value, defaulting type = 'additive'.


  

Message: LMTP Contrast: additive

Message: Null hypothesis: theta == 0


    theta shift   ref std.error conf.low conf.high p.value
1 0.11767 0.905 0.787    0.0127   0.0928    0.1426  <0.001
2 0.00556 0.793 0.787    0.0221  -0.0378    0.0489   0.801

> lmtp_contrast(fit1, ref = fit0)

  

Message: LMTP Contrast: additive

Message: Null hypothesis: theta == 0


  theta shift   ref std.error conf.low conf.high p.value
1 0.112 0.905 0.793    0.0163   0.0801     0.144  <0.001

> lmtp_contrast(fit1, ref = fit0, type = "rr")

  

Message: LMTP Contrast: relative risk

Message: Null hypothesis: theta == 1


  theta shift   ref std.error conf.low conf.high p.value
1  1.14 0.905 0.793     0.021      1.1      1.19  <0.001

> lmtp_contrast(fit1, ref = fit0, type = "or")

  

Message: LMTP Contrast: odds ratio

Message: Null hypothesis: theta == 1


  theta shift   ref std.error conf.low conf.high p.value
1  2.48 0.905 0.793     0.113     1.99       3.1  <0.001

