> lmtp_contrast(fit1, ref = 0.787)
Message: Non-estimated reference value, defaulting type = 'additive'.


  

Message: LMTP Contrast: additive

Message: Null hypothesis: theta == 0


   theta shift   ref std.error conf.low conf.high p.value
1 0.0765 0.863 0.787    0.0361  0.00568     0.147  0.0342

> lmtp_contrast(fit1, fit0, ref = 0.787)
Message: Non-estimated reference value, defaulting type = 'additive'.


  

Message: LMTP Contrast: additive

Message: Null hypothesis: theta == 0


    theta shift   ref std.error conf.low conf.high p.value
1  0.0765 0.863 0.787    0.0361  0.00568    0.1473  0.0342
2 -0.0412 0.746 0.787    0.0330 -0.10602    0.0235  0.2120

> lmtp_contrast(fit1, ref = fit0)

  

Message: LMTP Contrast: additive

Message: Null hypothesis: theta == 0


  theta shift   ref std.error conf.low conf.high p.value
1 0.118 0.863 0.746    0.0207   0.0773     0.158  <0.001

> lmtp_contrast(fit1, ref = fit0, type = "rr")

  

Message: LMTP Contrast: relative risk

Message: Null hypothesis: theta == 1


  theta shift   ref std.error conf.low conf.high p.value
1  1.16 0.863 0.746    0.0256      1.1      1.22  <0.001

> lmtp_contrast(fit1, ref = fit0, type = "or")

  

Message: LMTP Contrast: odds ratio

Message: Null hypothesis: theta == 1


  theta shift   ref std.error conf.low conf.high p.value
1  2.16 0.863 0.746      0.19     1.49      3.13  <0.001

