> lmtp_contrast(fit1, ref = 0.787)
Message: Non-estimated reference value, defaulting type = 'additive'.


  

Message: LMTP Contrast: additive

Message: Null hypothesis: theta == 0


  theta shift   ref std.error conf.low conf.high p.value
1    NA    NA 0.787    0.0302       NA        NA      NA

> lmtp_contrast(fit1, fit0, ref = 0.787)
Message: Non-estimated reference value, defaulting type = 'additive'.


  

Message: LMTP Contrast: additive

Message: Null hypothesis: theta == 0


  theta shift   ref std.error conf.low conf.high p.value
1    NA    NA 0.787    0.0302       NA        NA      NA
2    NA    NA 0.787    0.0213       NA        NA      NA

> lmtp_contrast(fit1, ref = fit0)

  

Message: LMTP Contrast: additive

Message: Null hypothesis: theta == 0


  theta shift ref std.error conf.low conf.high p.value
1    NA    NA  NA    0.0212       NA        NA      NA

> lmtp_contrast(fit1, ref = fit0, type = "rr")

  

Message: LMTP Contrast: relative risk

Message: Null hypothesis: theta == 1


  theta shift ref std.error conf.low conf.high p.value
1    NA    NA  NA        NA       NA        NA      NA

> lmtp_contrast(fit1, ref = fit0, type = "or")

  

Message: LMTP Contrast: odds ratio

Message: Null hypothesis: theta == 1


  theta shift ref std.error conf.low conf.high p.value
1    NA    NA  NA        NA       NA        NA      NA

