> lmtp_contrast(fit1, ref = 0.787)
Message: Non-estimated reference value, defaulting type = 'additive'.


  

Message: LMTP Contrast: additive

Message: Null hypothesis: theta == 0


  theta shift   ref std.error conf.low conf.high p.value
1 0.105 0.892 0.787    0.0132   0.0793     0.131  <0.001

> lmtp_contrast(fit1, fit0, ref = 0.787)
Message: Non-estimated reference value, defaulting type = 'additive'.


  

Message: LMTP Contrast: additive

Message: Null hypothesis: theta == 0


    theta shift   ref std.error conf.low conf.high p.value
1 0.10509 0.892 0.787    0.0132   0.0793    0.1309  <0.001
2 0.00998 0.797 0.787    0.0183  -0.0260    0.0459   0.586

> lmtp_contrast(fit1, ref = fit0)

  

Message: LMTP Contrast: additive

Message: Null hypothesis: theta == 0


   theta shift   ref std.error conf.low conf.high p.value
1 0.0951 0.892 0.797   0.00839   0.0787     0.112  <0.001

> lmtp_contrast(fit1, ref = fit0, type = "rr")

  

Message: LMTP Contrast: relative risk

Message: Null hypothesis: theta == 1


  theta shift   ref std.error conf.low conf.high p.value
1  1.12 0.892 0.797    0.0114     1.09      1.14  <0.001

> lmtp_contrast(fit1, ref = fit0, type = "or")

  

Message: LMTP Contrast: odds ratio

Message: Null hypothesis: theta == 1


  theta shift   ref std.error conf.low conf.high p.value
1  2.11 0.892 0.797    0.0579     1.88      2.36  <0.001

